2024-01-16 19:01:52,162:DEBUG:Add: 20 + 10 = 30
2024-01-16 19:01:52,163:DEBUG:Sub: 20 - 10 = 10
2024-01-16 19:01:52,163:DEBUG:Mul: 20 * 10 = 200
2024-01-16 19:01:52,164:DEBUG:Div: 20 / 10 = 2.0
2024-01-16 19:02:11,763:DEBUG:Add: 20 + 10 = 30
2024-01-16 19:02:11,764:DEBUG:Sub: 20 - 10 = 10
2024-01-16 19:02:11,765:DEBUG:Mul: 20 * 10 = 200
2024-01-16 19:02:11,765:DEBUG:Div: 20 / 10 = 2.0
2024-01-16 19:02:32,003:WARNING:Add: 20 + 10 = 30
2024-01-16 19:02:32,004:WARNING:Sub: 20 - 10 = 10
2024-01-16 19:02:32,005:WARNING:Mul: 20 * 10 = 200
2024-01-16 19:02:32,005:WARNING:Div: 20 / 10 = 2.0
DEBUG:root:Add: 20 + 10 = 30
DEBUG:root:Sub: 20 - 10 = 10
DEBUG:root:Mul: 20 * 10 = 200
DEBUG:root:Div: 20 / 10 = 2.0
2024-09-23 17:04:57,502:DEBUG:Add: 20 + 10 = 30
2024-09-23 17:04:57,502:DEBUG:Sub: 20 - 10 = 10
2024-09-23 17:04:57,507:DEBUG:Mul: 20 * 10 = 200
2024-09-23 17:04:57,509:DEBUG:Div: 20 / 10 = 2.0
2024-09-23 17:09:07,379:INFO:Created Employee: John Smith - John.Smith@email.com
2024-09-23 17:09:07,379:INFO:Created Employee: Corey Schafer - Corey.Schafer@email.com
2024-09-23 17:09:07,379:INFO:Created Employee: Jane Doe - Jane.Doe@email.com
2024-10-01 14:44:31,769:DEBUG:Add: 20 + 10 = 30
2024-10-01 14:44:31,852:DEBUG:Sub: 20 - 10 = 10
2024-10-01 14:44:31,853:DEBUG:Mul: 20 * 10 = 200
2024-10-01 14:44:31,853:DEBUG:Div: 20 / 10 = 2.0
2025-01-19 17:41:20,335:DEBUG:Add: 20 + 10 = 30
2025-01-19 17:41:20,359:DEBUG:Sub: 20 - 10 = 10
2025-01-19 17:41:20,360:DEBUG:Mul: 20 * 10 = 200
2025-01-19 17:41:20,360:DEBUG:Div: 20 / 10 = 2.0
